Watching for file changes with StatReloader
/Users/gautamsinh/Desktop/django_project_relaways/pro/app/urls.py changed, reloading.
Watching for file changes with StatReloader
/Users/gautamsinh/Desktop/django_project_relaways/pro/app/urls.py changed, reloading.
Watching for file changes with StatReloader
/Users/gautamsinh/Desktop/django_project_relaways/pro/app/urls.py changed, reloading.
Watching for file changes with StatReloader
/Users/gautamsinh/Desktop/django_project_relaways/pro/app/urls.py changed, reloading.
Watching for file changes with StatReloader
/Users/gautamsinh/Desktop/django_project_relaways/pro/app/urls.py changed, reloading.
Watching for file changes with StatReloader
/Users/gautamsinh/Desktop/django_project_relaways/pro/app/urls.py changed, reloading.
Watching for file changes with StatReloader
/Users/gautamsinh/Desktop/django_project_relaways/pro/app/urls.py changed, reloading.
Watching for file changes with StatReloader
/Users/gautamsinh/Desktop/django_project_relaways/pro/app/urls.py changed, reloading.
Watching for file changes with StatReloader
/Users/gautamsinh/Desktop/django_project_relaways/pro/app/urls.py changed, reloading.
Watching for file changes with StatReloader
/Users/gautamsinh/Desktop/django_project_relaways/pro/app/urls.py changed, reloading.
Watching for file changes with StatReloader
Forbidden: /studentform/
"POST /studentform/ HTTP/1.1" 403 58
/Users/gautamsinh/Desktop/django_project_relaways/pro/app/views.py changed, reloading.
Watching for file changes with StatReloader
/Users/gautamsinh/Desktop/django_project_relaways/pro/app/views.py changed, reloading.
Watching for file changes with StatReloader
/Users/gautamsinh/Desktop/django_project_relaways/pro/app/views.py changed, reloading.
Watching for file changes with StatReloader
Error creating student: Cannot assign "<django.contrib.auth.models.AnonymousUser object at 0x105cc5250>": "STUDENT.user" must be a "User" instance.
Traceback (most recent call last):
  File "/Users/gautamsinh/Desktop/django_project_relaways/pro/app/views.py", line 154, in post
    serializer.save(user=request.user)
  File "/Users/gautamsinh/Desktop/django_project_relaways/env/lib/python3.11/site-packages/rest_framework/serializers.py", line 210, in save
    self.instance = self.create(validated_data)
                    ^^^^^^^^^^^^^^^^^^^^^^^^^^^
  File "/Users/gautamsinh/Desktop/django_project_relaways/env/lib/python3.11/site-packages/rest_framework/serializers.py", line 991, in create
    instance = ModelClass._default_manager.create(**validated_data)
               ^^^^^^^^^^^^^^^^^^^^^^^^^^^^^^^^^^^^^^^^^^^^^^^^^^^^
  File "/Users/gautamsinh/Desktop/django_project_relaways/env/lib/python3.11/site-packages/django/db/models/manager.py", line 87, in manager_method
    return getattr(self.get_queryset(), name)(*args, **kwargs)
           ^^^^^^^^^^^^^^^^^^^^^^^^^^^^^^^^^^^^^^^^^^^^^^^^^^^
  File "/Users/gautamsinh/Desktop/django_project_relaways/env/lib/python3.11/site-packages/django/db/models/query.py", line 663, in create
    obj = self.model(**kwargs)
          ^^^^^^^^^^^^^^^^^^^^
  File "/Users/gautamsinh/Desktop/django_project_relaways/env/lib/python3.11/site-packages/django/db/models/base.py", line 545, in __init__
    _setattr(self, field.name, rel_obj)
  File "/Users/gautamsinh/Desktop/django_project_relaways/env/lib/python3.11/site-packages/django/db/models/fields/related_descriptors.py", line 394, in __set__
    super().__set__(instance, value)
  File "/Users/gautamsinh/Desktop/django_project_relaways/env/lib/python3.11/site-packages/django/db/models/fields/related_descriptors.py", line 291, in __set__
    raise ValueError(
ValueError: Cannot assign "<django.contrib.auth.models.AnonymousUser object at 0x105cc5250>": "STUDENT.user" must be a "User" instance.
Internal Server Error: /studentform/
"POST /studentform/ HTTP/1.1" 500 35
/Users/gautamsinh/Desktop/django_project_relaways/pro/app/views.py changed, reloading.
Watching for file changes with StatReloader
Error creating student: Cannot assign "<django.contrib.auth.models.AnonymousUser object at 0x110f17450>": "STUDENT.user" must be a "User" instance.
Traceback (most recent call last):
  File "/Users/gautamsinh/Desktop/django_project_relaways/pro/app/views.py", line 154, in post
    serializer.save(user=request.user)
  File "/Users/gautamsinh/Desktop/django_project_relaways/env/lib/python3.11/site-packages/rest_framework/serializers.py", line 210, in save
    self.instance = self.create(validated_data)
                    ^^^^^^^^^^^^^^^^^^^^^^^^^^^
  File "/Users/gautamsinh/Desktop/django_project_relaways/env/lib/python3.11/site-packages/rest_framework/serializers.py", line 991, in create
    instance = ModelClass._default_manager.create(**validated_data)
               ^^^^^^^^^^^^^^^^^^^^^^^^^^^^^^^^^^^^^^^^^^^^^^^^^^^^
  File "/Users/gautamsinh/Desktop/django_project_relaways/env/lib/python3.11/site-packages/django/db/models/manager.py", line 87, in manager_method
    return getattr(self.get_queryset(), name)(*args, **kwargs)
           ^^^^^^^^^^^^^^^^^^^^^^^^^^^^^^^^^^^^^^^^^^^^^^^^^^^
  File "/Users/gautamsinh/Desktop/django_project_relaways/env/lib/python3.11/site-packages/django/db/models/query.py", line 663, in create
    obj = self.model(**kwargs)
          ^^^^^^^^^^^^^^^^^^^^
  File "/Users/gautamsinh/Desktop/django_project_relaways/env/lib/python3.11/site-packages/django/db/models/base.py", line 545, in __init__
    _setattr(self, field.name, rel_obj)
  File "/Users/gautamsinh/Desktop/django_project_relaways/env/lib/python3.11/site-packages/django/db/models/fields/related_descriptors.py", line 394, in __set__
    super().__set__(instance, value)
  File "/Users/gautamsinh/Desktop/django_project_relaways/env/lib/python3.11/site-packages/django/db/models/fields/related_descriptors.py", line 291, in __set__
    raise ValueError(
ValueError: Cannot assign "<django.contrib.auth.models.AnonymousUser object at 0x110f17450>": "STUDENT.user" must be a "User" instance.
Internal Server Error: /studentform/
"POST /studentform/ HTTP/1.1" 500 35
Error fetching students: Field 'id' expected a number but got <django.contrib.auth.models.AnonymousUser object at 0x1108bfb90>.
Traceback (most recent call last):
  File "/Users/gautamsinh/Desktop/django_project_relaways/env/lib/python3.11/site-packages/django/db/models/fields/__init__.py", line 2128, in get_prep_value
    return int(value)
           ^^^^^^^^^^
  File "/Users/gautamsinh/Desktop/django_project_relaways/env/lib/python3.11/site-packages/django/contrib/auth/models.py", line 549, in __int__
    raise TypeError(
TypeError: Cannot cast AnonymousUser to int. Are you trying to use it in place of User?

The above exception was the direct cause of the following exception:

Traceback (most recent call last):
  File "/Users/gautamsinh/Desktop/django_project_relaways/pro/app/views.py", line 131, in get
    students = STUDENT.objects.filter(user=request.user)
               ^^^^^^^^^^^^^^^^^^^^^^^^^^^^^^^^^^^^^^^^^
  File "/Users/gautamsinh/Desktop/django_project_relaways/env/lib/python3.11/site-packages/django/db/models/manager.py", line 87, in manager_method
    return getattr(self.get_queryset(), name)(*args, **kwargs)
           ^^^^^^^^^^^^^^^^^^^^^^^^^^^^^^^^^^^^^^^^^^^^^^^^^^^
  File "/Users/gautamsinh/Desktop/django_project_relaways/env/lib/python3.11/site-packages/django/db/models/query.py", line 1495, in filter
    return self._filter_or_exclude(False, args, kwargs)
           ^^^^^^^^^^^^^^^^^^^^^^^^^^^^^^^^^^^^^^^^^^^^
  File "/Users/gautamsinh/Desktop/django_project_relaways/env/lib/python3.11/site-packages/django/db/models/query.py", line 1513, in _filter_or_exclude
    clone._filter_or_exclude_inplace(negate, args, kwargs)
  File "/Users/gautamsinh/Desktop/django_project_relaways/env/lib/python3.11/site-packages/django/db/models/query.py", line 1523, in _filter_or_exclude_inplace
    self._query.add_q(Q(*args, **kwargs))
  File "/Users/gautamsinh/Desktop/django_project_relaways/env/lib/python3.11/site-packages/django/db/models/sql/query.py", line 1646, in add_q
    clause, _ = self._add_q(q_object, can_reuse)
                ^^^^^^^^^^^^^^^^^^^^^^^^^^^^^^^^
  File "/Users/gautamsinh/Desktop/django_project_relaways/env/lib/python3.11/site-packages/django/db/models/sql/query.py", line 1678, in _add_q
    child_clause, needed_inner = self.build_filter(
                                 ^^^^^^^^^^^^^^^^^^
  File "/Users/gautamsinh/Desktop/django_project_relaways/env/lib/python3.11/site-packages/django/db/models/sql/query.py", line 1588, in build_filter
    condition = self.build_lookup(lookups, col, value)
                ^^^^^^^^^^^^^^^^^^^^^^^^^^^^^^^^^^^^^^
  File "/Users/gautamsinh/Desktop/django_project_relaways/env/lib/python3.11/site-packages/django/db/models/sql/query.py", line 1415, in build_lookup
    lookup = lookup_class(lhs, rhs)
             ^^^^^^^^^^^^^^^^^^^^^^
  File "/Users/gautamsinh/Desktop/django_project_relaways/env/lib/python3.11/site-packages/django/db/models/lookups.py", line 38, in __init__
    self.rhs = self.get_prep_lookup()
               ^^^^^^^^^^^^^^^^^^^^^^
  File "/Users/gautamsinh/Desktop/django_project_relaways/env/lib/python3.11/site-packages/django/db/models/fields/related_lookups.py", line 112, in get_prep_lookup
    self.rhs = target_field.get_prep_value(self.rhs)
               ^^^^^^^^^^^^^^^^^^^^^^^^^^^^^^^^^^^^^
  File "/Users/gautamsinh/Desktop/django_project_relaways/env/lib/python3.11/site-packages/django/db/models/fields/__init__.py", line 2130, in get_prep_value
    raise e.__class__(
TypeError: Field 'id' expected a number but got <django.contrib.auth.models.AnonymousUser object at 0x1108bfb90>.
Internal Server Error: /studentform/
"GET /studentform/ HTTP/1.1" 500 36
Error fetching students: Field 'id' expected a number but got <django.contrib.auth.models.AnonymousUser object at 0x1108bc350>.
Traceback (most recent call last):
  File "/Users/gautamsinh/Desktop/django_project_relaways/env/lib/python3.11/site-packages/django/db/models/fields/__init__.py", line 2128, in get_prep_value
    return int(value)
           ^^^^^^^^^^
  File "/Users/gautamsinh/Desktop/django_project_relaways/env/lib/python3.11/site-packages/django/contrib/auth/models.py", line 549, in __int__
    raise TypeError(
TypeError: Cannot cast AnonymousUser to int. Are you trying to use it in place of User?

The above exception was the direct cause of the following exception:

Traceback (most recent call last):
  File "/Users/gautamsinh/Desktop/django_project_relaways/pro/app/views.py", line 131, in get
    students = STUDENT.objects.filter(user=request.user)
               ^^^^^^^^^^^^^^^^^^^^^^^^^^^^^^^^^^^^^^^^^
  File "/Users/gautamsinh/Desktop/django_project_relaways/env/lib/python3.11/site-packages/django/db/models/manager.py", line 87, in manager_method
    return getattr(self.get_queryset(), name)(*args, **kwargs)
           ^^^^^^^^^^^^^^^^^^^^^^^^^^^^^^^^^^^^^^^^^^^^^^^^^^^
  File "/Users/gautamsinh/Desktop/django_project_relaways/env/lib/python3.11/site-packages/django/db/models/query.py", line 1495, in filter
    return self._filter_or_exclude(False, args, kwargs)
           ^^^^^^^^^^^^^^^^^^^^^^^^^^^^^^^^^^^^^^^^^^^^
  File "/Users/gautamsinh/Desktop/django_project_relaways/env/lib/python3.11/site-packages/django/db/models/query.py", line 1513, in _filter_or_exclude
    clone._filter_or_exclude_inplace(negate, args, kwargs)
  File "/Users/gautamsinh/Desktop/django_project_relaways/env/lib/python3.11/site-packages/django/db/models/query.py", line 1523, in _filter_or_exclude_inplace
    self._query.add_q(Q(*args, **kwargs))
  File "/Users/gautamsinh/Desktop/django_project_relaways/env/lib/python3.11/site-packages/django/db/models/sql/query.py", line 1646, in add_q
    clause, _ = self._add_q(q_object, can_reuse)
                ^^^^^^^^^^^^^^^^^^^^^^^^^^^^^^^^
  File "/Users/gautamsinh/Desktop/django_project_relaways/env/lib/python3.11/site-packages/django/db/models/sql/query.py", line 1678, in _add_q
    child_clause, needed_inner = self.build_filter(
                                 ^^^^^^^^^^^^^^^^^^
  File "/Users/gautamsinh/Desktop/django_project_relaways/env/lib/python3.11/site-packages/django/db/models/sql/query.py", line 1588, in build_filter
    condition = self.build_lookup(lookups, col, value)
                ^^^^^^^^^^^^^^^^^^^^^^^^^^^^^^^^^^^^^^
  File "/Users/gautamsinh/Desktop/django_project_relaways/env/lib/python3.11/site-packages/django/db/models/sql/query.py", line 1415, in build_lookup
    lookup = lookup_class(lhs, rhs)
             ^^^^^^^^^^^^^^^^^^^^^^
  File "/Users/gautamsinh/Desktop/django_project_relaways/env/lib/python3.11/site-packages/django/db/models/lookups.py", line 38, in __init__
    self.rhs = self.get_prep_lookup()
               ^^^^^^^^^^^^^^^^^^^^^^
  File "/Users/gautamsinh/Desktop/django_project_relaways/env/lib/python3.11/site-packages/django/db/models/fields/related_lookups.py", line 112, in get_prep_lookup
    self.rhs = target_field.get_prep_value(self.rhs)
               ^^^^^^^^^^^^^^^^^^^^^^^^^^^^^^^^^^^^^
  File "/Users/gautamsinh/Desktop/django_project_relaways/env/lib/python3.11/site-packages/django/db/models/fields/__init__.py", line 2130, in get_prep_value
    raise e.__class__(
TypeError: Field 'id' expected a number but got <django.contrib.auth.models.AnonymousUser object at 0x1108bc350>.
Internal Server Error: /studentform/
"GET /studentform/ HTTP/1.1" 500 36
Error creating student: Cannot assign "<django.contrib.auth.models.AnonymousUser object at 0x11329f1d0>": "STUDENT.user" must be a "User" instance.
Traceback (most recent call last):
  File "/Users/gautamsinh/Desktop/django_project_relaways/pro/app/views.py", line 154, in post
    serializer.save(user=request.user)
  File "/Users/gautamsinh/Desktop/django_project_relaways/env/lib/python3.11/site-packages/rest_framework/serializers.py", line 210, in save
    self.instance = self.create(validated_data)
                    ^^^^^^^^^^^^^^^^^^^^^^^^^^^
  File "/Users/gautamsinh/Desktop/django_project_relaways/env/lib/python3.11/site-packages/rest_framework/serializers.py", line 991, in create
    instance = ModelClass._default_manager.create(**validated_data)
               ^^^^^^^^^^^^^^^^^^^^^^^^^^^^^^^^^^^^^^^^^^^^^^^^^^^^
  File "/Users/gautamsinh/Desktop/django_project_relaways/env/lib/python3.11/site-packages/django/db/models/manager.py", line 87, in manager_method
    return getattr(self.get_queryset(), name)(*args, **kwargs)
           ^^^^^^^^^^^^^^^^^^^^^^^^^^^^^^^^^^^^^^^^^^^^^^^^^^^
  File "/Users/gautamsinh/Desktop/django_project_relaways/env/lib/python3.11/site-packages/django/db/models/query.py", line 663, in create
    obj = self.model(**kwargs)
          ^^^^^^^^^^^^^^^^^^^^
  File "/Users/gautamsinh/Desktop/django_project_relaways/env/lib/python3.11/site-packages/django/db/models/base.py", line 545, in __init__
    _setattr(self, field.name, rel_obj)
  File "/Users/gautamsinh/Desktop/django_project_relaways/env/lib/python3.11/site-packages/django/db/models/fields/related_descriptors.py", line 394, in __set__
    super().__set__(instance, value)
  File "/Users/gautamsinh/Desktop/django_project_relaways/env/lib/python3.11/site-packages/django/db/models/fields/related_descriptors.py", line 291, in __set__
    raise ValueError(
ValueError: Cannot assign "<django.contrib.auth.models.AnonymousUser object at 0x11329f1d0>": "STUDENT.user" must be a "User" instance.
Internal Server Error: /studentform/
"POST /studentform/ HTTP/1.1" 500 35
Error fetching students: Field 'id' expected a number but got <django.contrib.auth.models.AnonymousUser object at 0x1132b4d50>.
Traceback (most recent call last):
  File "/Users/gautamsinh/Desktop/django_project_relaways/env/lib/python3.11/site-packages/django/db/models/fields/__init__.py", line 2128, in get_prep_value
    return int(value)
           ^^^^^^^^^^
  File "/Users/gautamsinh/Desktop/django_project_relaways/env/lib/python3.11/site-packages/django/contrib/auth/models.py", line 549, in __int__
    raise TypeError(
TypeError: Cannot cast AnonymousUser to int. Are you trying to use it in place of User?

The above exception was the direct cause of the following exception:

Traceback (most recent call last):
  File "/Users/gautamsinh/Desktop/django_project_relaways/pro/app/views.py", line 131, in get
    students = STUDENT.objects.filter(user=request.user)
               ^^^^^^^^^^^^^^^^^^^^^^^^^^^^^^^^^^^^^^^^^
  File "/Users/gautamsinh/Desktop/django_project_relaways/env/lib/python3.11/site-packages/django/db/models/manager.py", line 87, in manager_method
    return getattr(self.get_queryset(), name)(*args, **kwargs)
           ^^^^^^^^^^^^^^^^^^^^^^^^^^^^^^^^^^^^^^^^^^^^^^^^^^^
  File "/Users/gautamsinh/Desktop/django_project_relaways/env/lib/python3.11/site-packages/django/db/models/query.py", line 1495, in filter
    return self._filter_or_exclude(False, args, kwargs)
           ^^^^^^^^^^^^^^^^^^^^^^^^^^^^^^^^^^^^^^^^^^^^
  File "/Users/gautamsinh/Desktop/django_project_relaways/env/lib/python3.11/site-packages/django/db/models/query.py", line 1513, in _filter_or_exclude
    clone._filter_or_exclude_inplace(negate, args, kwargs)
  File "/Users/gautamsinh/Desktop/django_project_relaways/env/lib/python3.11/site-packages/django/db/models/query.py", line 1523, in _filter_or_exclude_inplace
    self._query.add_q(Q(*args, **kwargs))
  File "/Users/gautamsinh/Desktop/django_project_relaways/env/lib/python3.11/site-packages/django/db/models/sql/query.py", line 1646, in add_q
    clause, _ = self._add_q(q_object, can_reuse)
                ^^^^^^^^^^^^^^^^^^^^^^^^^^^^^^^^
  File "/Users/gautamsinh/Desktop/django_project_relaways/env/lib/python3.11/site-packages/django/db/models/sql/query.py", line 1678, in _add_q
    child_clause, needed_inner = self.build_filter(
                                 ^^^^^^^^^^^^^^^^^^
  File "/Users/gautamsinh/Desktop/django_project_relaways/env/lib/python3.11/site-packages/django/db/models/sql/query.py", line 1588, in build_filter
    condition = self.build_lookup(lookups, col, value)
                ^^^^^^^^^^^^^^^^^^^^^^^^^^^^^^^^^^^^^^
  File "/Users/gautamsinh/Desktop/django_project_relaways/env/lib/python3.11/site-packages/django/db/models/sql/query.py", line 1415, in build_lookup
    lookup = lookup_class(lhs, rhs)
             ^^^^^^^^^^^^^^^^^^^^^^
  File "/Users/gautamsinh/Desktop/django_project_relaways/env/lib/python3.11/site-packages/django/db/models/lookups.py", line 38, in __init__
    self.rhs = self.get_prep_lookup()
               ^^^^^^^^^^^^^^^^^^^^^^
  File "/Users/gautamsinh/Desktop/django_project_relaways/env/lib/python3.11/site-packages/django/db/models/fields/related_lookups.py", line 112, in get_prep_lookup
    self.rhs = target_field.get_prep_value(self.rhs)
               ^^^^^^^^^^^^^^^^^^^^^^^^^^^^^^^^^^^^^
  File "/Users/gautamsinh/Desktop/django_project_relaways/env/lib/python3.11/site-packages/django/db/models/fields/__init__.py", line 2130, in get_prep_value
    raise e.__class__(
TypeError: Field 'id' expected a number but got <django.contrib.auth.models.AnonymousUser object at 0x1132b4d50>.
Internal Server Error: /studentform/
"GET /studentform/ HTTP/1.1" 500 36
Error creating student: Cannot assign "<django.contrib.auth.models.AnonymousUser object at 0x11329e390>": "STUDENT.user" must be a "User" instance.
Traceback (most recent call last):
  File "/Users/gautamsinh/Desktop/django_project_relaways/pro/app/views.py", line 154, in post
    serializer.save(user=request.user)
  File "/Users/gautamsinh/Desktop/django_project_relaways/env/lib/python3.11/site-packages/rest_framework/serializers.py", line 210, in save
    self.instance = self.create(validated_data)
                    ^^^^^^^^^^^^^^^^^^^^^^^^^^^
  File "/Users/gautamsinh/Desktop/django_project_relaways/env/lib/python3.11/site-packages/rest_framework/serializers.py", line 991, in create
    instance = ModelClass._default_manager.create(**validated_data)
               ^^^^^^^^^^^^^^^^^^^^^^^^^^^^^^^^^^^^^^^^^^^^^^^^^^^^
  File "/Users/gautamsinh/Desktop/django_project_relaways/env/lib/python3.11/site-packages/django/db/models/manager.py", line 87, in manager_method
    return getattr(self.get_queryset(), name)(*args, **kwargs)
           ^^^^^^^^^^^^^^^^^^^^^^^^^^^^^^^^^^^^^^^^^^^^^^^^^^^
  File "/Users/gautamsinh/Desktop/django_project_relaways/env/lib/python3.11/site-packages/django/db/models/query.py", line 663, in create
    obj = self.model(**kwargs)
          ^^^^^^^^^^^^^^^^^^^^
  File "/Users/gautamsinh/Desktop/django_project_relaways/env/lib/python3.11/site-packages/django/db/models/base.py", line 545, in __init__
    _setattr(self, field.name, rel_obj)
  File "/Users/gautamsinh/Desktop/django_project_relaways/env/lib/python3.11/site-packages/django/db/models/fields/related_descriptors.py", line 394, in __set__
    super().__set__(instance, value)
  File "/Users/gautamsinh/Desktop/django_project_relaways/env/lib/python3.11/site-packages/django/db/models/fields/related_descriptors.py", line 291, in __set__
    raise ValueError(
ValueError: Cannot assign "<django.contrib.auth.models.AnonymousUser object at 0x11329e390>": "STUDENT.user" must be a "User" instance.
Internal Server Error: /studentform/
"POST /studentform/ HTTP/1.1" 500 35
/Users/gautamsinh/Desktop/django_project_relaways/pro/pro/settings.py changed, reloading.
Watching for file changes with StatReloader
Forbidden: /studentform/
"POST /studentform/ HTTP/1.1" 403 58
/Users/gautamsinh/Desktop/django_project_relaways/pro/pro/settings.py changed, reloading.
Watching for file changes with StatReloader
Error creating student: Cannot assign "<django.contrib.auth.models.AnonymousUser object at 0x105448cd0>": "STUDENT.user" must be a "User" instance.
Traceback (most recent call last):
  File "/Users/gautamsinh/Desktop/django_project_relaways/pro/app/views.py", line 154, in post
    serializer.save(user=request.user)
  File "/Users/gautamsinh/Desktop/django_project_relaways/env/lib/python3.11/site-packages/rest_framework/serializers.py", line 210, in save
    self.instance = self.create(validated_data)
                    ^^^^^^^^^^^^^^^^^^^^^^^^^^^
  File "/Users/gautamsinh/Desktop/django_project_relaways/env/lib/python3.11/site-packages/rest_framework/serializers.py", line 991, in create
    instance = ModelClass._default_manager.create(**validated_data)
               ^^^^^^^^^^^^^^^^^^^^^^^^^^^^^^^^^^^^^^^^^^^^^^^^^^^^
  File "/Users/gautamsinh/Desktop/django_project_relaways/env/lib/python3.11/site-packages/django/db/models/manager.py", line 87, in manager_method
    return getattr(self.get_queryset(), name)(*args, **kwargs)
           ^^^^^^^^^^^^^^^^^^^^^^^^^^^^^^^^^^^^^^^^^^^^^^^^^^^
  File "/Users/gautamsinh/Desktop/django_project_relaways/env/lib/python3.11/site-packages/django/db/models/query.py", line 663, in create
    obj = self.model(**kwargs)
          ^^^^^^^^^^^^^^^^^^^^
  File "/Users/gautamsinh/Desktop/django_project_relaways/env/lib/python3.11/site-packages/django/db/models/base.py", line 545, in __init__
    _setattr(self, field.name, rel_obj)
  File "/Users/gautamsinh/Desktop/django_project_relaways/env/lib/python3.11/site-packages/django/db/models/fields/related_descriptors.py", line 394, in __set__
    super().__set__(instance, value)
  File "/Users/gautamsinh/Desktop/django_project_relaways/env/lib/python3.11/site-packages/django/db/models/fields/related_descriptors.py", line 291, in __set__
    raise ValueError(
ValueError: Cannot assign "<django.contrib.auth.models.AnonymousUser object at 0x105448cd0>": "STUDENT.user" must be a "User" instance.
Internal Server Error: /studentform/
"POST /studentform/ HTTP/1.1" 500 35
Error fetching students: Field 'id' expected a number but got <django.contrib.auth.models.AnonymousUser object at 0x1053d2910>.
Traceback (most recent call last):
  File "/Users/gautamsinh/Desktop/django_project_relaways/env/lib/python3.11/site-packages/django/db/models/fields/__init__.py", line 2128, in get_prep_value
    return int(value)
           ^^^^^^^^^^
  File "/Users/gautamsinh/Desktop/django_project_relaways/env/lib/python3.11/site-packages/django/contrib/auth/models.py", line 549, in __int__
    raise TypeError(
TypeError: Cannot cast AnonymousUser to int. Are you trying to use it in place of User?

The above exception was the direct cause of the following exception:

Traceback (most recent call last):
  File "/Users/gautamsinh/Desktop/django_project_relaways/pro/app/views.py", line 131, in get
    students = STUDENT.objects.filter(user=request.user)
               ^^^^^^^^^^^^^^^^^^^^^^^^^^^^^^^^^^^^^^^^^
  File "/Users/gautamsinh/Desktop/django_project_relaways/env/lib/python3.11/site-packages/django/db/models/manager.py", line 87, in manager_method
    return getattr(self.get_queryset(), name)(*args, **kwargs)
           ^^^^^^^^^^^^^^^^^^^^^^^^^^^^^^^^^^^^^^^^^^^^^^^^^^^
  File "/Users/gautamsinh/Desktop/django_project_relaways/env/lib/python3.11/site-packages/django/db/models/query.py", line 1495, in filter
    return self._filter_or_exclude(False, args, kwargs)
           ^^^^^^^^^^^^^^^^^^^^^^^^^^^^^^^^^^^^^^^^^^^^
  File "/Users/gautamsinh/Desktop/django_project_relaways/env/lib/python3.11/site-packages/django/db/models/query.py", line 1513, in _filter_or_exclude
    clone._filter_or_exclude_inplace(negate, args, kwargs)
  File "/Users/gautamsinh/Desktop/django_project_relaways/env/lib/python3.11/site-packages/django/db/models/query.py", line 1523, in _filter_or_exclude_inplace
    self._query.add_q(Q(*args, **kwargs))
  File "/Users/gautamsinh/Desktop/django_project_relaways/env/lib/python3.11/site-packages/django/db/models/sql/query.py", line 1646, in add_q
    clause, _ = self._add_q(q_object, can_reuse)
                ^^^^^^^^^^^^^^^^^^^^^^^^^^^^^^^^
  File "/Users/gautamsinh/Desktop/django_project_relaways/env/lib/python3.11/site-packages/django/db/models/sql/query.py", line 1678, in _add_q
    child_clause, needed_inner = self.build_filter(
                                 ^^^^^^^^^^^^^^^^^^
  File "/Users/gautamsinh/Desktop/django_project_relaways/env/lib/python3.11/site-packages/django/db/models/sql/query.py", line 1588, in build_filter
    condition = self.build_lookup(lookups, col, value)
                ^^^^^^^^^^^^^^^^^^^^^^^^^^^^^^^^^^^^^^
  File "/Users/gautamsinh/Desktop/django_project_relaways/env/lib/python3.11/site-packages/django/db/models/sql/query.py", line 1415, in build_lookup
    lookup = lookup_class(lhs, rhs)
             ^^^^^^^^^^^^^^^^^^^^^^
  File "/Users/gautamsinh/Desktop/django_project_relaways/env/lib/python3.11/site-packages/django/db/models/lookups.py", line 38, in __init__
    self.rhs = self.get_prep_lookup()
               ^^^^^^^^^^^^^^^^^^^^^^
  File "/Users/gautamsinh/Desktop/django_project_relaways/env/lib/python3.11/site-packages/django/db/models/fields/related_lookups.py", line 112, in get_prep_lookup
    self.rhs = target_field.get_prep_value(self.rhs)
               ^^^^^^^^^^^^^^^^^^^^^^^^^^^^^^^^^^^^^
  File "/Users/gautamsinh/Desktop/django_project_relaways/env/lib/python3.11/site-packages/django/db/models/fields/__init__.py", line 2130, in get_prep_value
    raise e.__class__(
TypeError: Field 'id' expected a number but got <django.contrib.auth.models.AnonymousUser object at 0x1053d2910>.
Internal Server Error: /studentform/
"GET /studentform/ HTTP/1.1" 500 36
/Users/gautamsinh/Desktop/django_project_relaways/pro/app/views.py changed, reloading.
Watching for file changes with StatReloader
/Users/gautamsinh/Desktop/django_project_relaways/pro/app/views.py changed, reloading.
Watching for file changes with StatReloader
/Users/gautamsinh/Desktop/django_project_relaways/pro/app/views.py changed, reloading.
Watching for file changes with StatReloader
/Users/gautamsinh/Desktop/django_project_relaways/pro/app/urls.py changed, reloading.
Watching for file changes with StatReloader
/Users/gautamsinh/Desktop/django_project_relaways/pro/app/urls.py changed, reloading.
Watching for file changes with StatReloader
/Users/gautamsinh/Desktop/django_project_relaways/pro/app/views.py changed, reloading.
Watching for file changes with StatReloader
/Users/gautamsinh/Desktop/django_project_relaways/pro/app/views.py changed, reloading.
Watching for file changes with StatReloader
/Users/gautamsinh/Desktop/django_project_relaways/pro/app/views.py changed, reloading.
Watching for file changes with StatReloader
/Users/gautamsinh/Desktop/django_project_relaways/pro/app/views.py changed, reloading.
Watching for file changes with StatReloader
/Users/gautamsinh/Desktop/django_project_relaways/pro/app/views.py changed, reloading.
Watching for file changes with StatReloader
/Users/gautamsinh/Desktop/django_project_relaways/pro/app/views.py changed, reloading.
Watching for file changes with StatReloader
/Users/gautamsinh/Desktop/django_project_relaways/pro/app/views.py changed, reloading.
Watching for file changes with StatReloader
/Users/gautamsinh/Desktop/django_project_relaways/pro/app/urls.py changed, reloading.
Watching for file changes with StatReloader
/Users/gautamsinh/Desktop/django_project_relaways/pro/app/urls.py changed, reloading.
Watching for file changes with StatReloader
/Users/gautamsinh/Desktop/django_project_relaways/pro/app/urls.py changed, reloading.
Watching for file changes with StatReloader
/Users/gautamsinh/Desktop/django_project_relaways/pro/app/urls.py changed, reloading.
Watching for file changes with StatReloader
/Users/gautamsinh/Desktop/django_project_relaways/pro/app/urls.py changed, reloading.
Watching for file changes with StatReloader
"GET /studentform/ HTTP/1.1" 200 181
"POST /studentform/ HTTP/1.1" 201 43
"GET /studentform/ HTTP/1.1" 200 364
/Users/gautamsinh/Desktop/django_project_relaways/pro/app/views.py changed, reloading.
Watching for file changes with StatReloader
/Users/gautamsinh/Desktop/django_project_relaways/pro/app/serializers.py changed, reloading.
Watching for file changes with StatReloader
/Users/gautamsinh/Desktop/django_project_relaways/pro/app/serializers.py changed, reloading.
Watching for file changes with StatReloader
/Users/gautamsinh/Desktop/django_project_relaways/pro/app/serializers.py changed, reloading.
Watching for file changes with StatReloader
/Users/gautamsinh/Desktop/django_project_relaways/pro/app/serializers.py changed, reloading.
Watching for file changes with StatReloader
/Users/gautamsinh/Desktop/django_project_relaways/pro/app/serializers.py changed, reloading.
Watching for file changes with StatReloader
/Users/gautamsinh/Desktop/django_project_relaways/pro/app/serializers.py changed, reloading.
Watching for file changes with StatReloader
/Users/gautamsinh/Desktop/django_project_relaways/pro/app/serializers.py changed, reloading.
Watching for file changes with StatReloader
/Users/gautamsinh/Desktop/django_project_relaways/pro/app/serializers.py changed, reloading.
Watching for file changes with StatReloader
/Users/gautamsinh/Desktop/django_project_relaways/pro/app/serializers.py changed, reloading.
Watching for file changes with StatReloader
Watching for file changes with StatReloader
/Users/gautamsinh/Desktop/django_project_relaways/pro/app/serializers.py changed, reloading.
Watching for file changes with StatReloader
/Users/gautamsinh/Desktop/django_project_relaways/pro/app/serializers.py changed, reloading.
Watching for file changes with StatReloader
/Users/gautamsinh/Desktop/django_project_relaways/pro/app/serializers.py changed, reloading.
Watching for file changes with StatReloader
/Users/gautamsinh/Desktop/django_project_relaways/pro/app/serializers.py changed, reloading.
Watching for file changes with StatReloader
/Users/gautamsinh/Desktop/django_project_relaways/pro/app/serializers.py changed, reloading.
Watching for file changes with StatReloader
/Users/gautamsinh/Desktop/django_project_relaways/pro/app/serializers.py changed, reloading.
Watching for file changes with StatReloader
/Users/gautamsinh/Desktop/django_project_relaways/pro/app/serializers.py changed, reloading.
Watching for file changes with StatReloader
"GET /studentform/ HTTP/1.1" 200 383
Watching for file changes with StatReloader
/Users/gautamsinh/Desktop/django_project_relaways/pro/app/urls.py changed, reloading.
Watching for file changes with StatReloader
/Users/gautamsinh/Desktop/django_project_relaways/pro/app/urls.py changed, reloading.
Watching for file changes with StatReloader
/Users/gautamsinh/Desktop/django_project_relaways/pro/app/urls.py changed, reloading.
Watching for file changes with StatReloader
/Users/gautamsinh/Desktop/django_project_relaways/pro/app/urls.py changed, reloading.
Watching for file changes with StatReloader
/Users/gautamsinh/Desktop/django_project_relaways/pro/app/urls.py changed, reloading.
Watching for file changes with StatReloader
/Users/gautamsinh/Desktop/django_project_relaways/pro/app/urls.py changed, reloading.
Watching for file changes with StatReloader
/Users/gautamsinh/Desktop/django_project_relaways/pro/app/urls.py changed, reloading.
Watching for file changes with StatReloader
"POST /userlogin/ HTTP/1.1" 200 529
/Users/gautamsinh/Desktop/django_project_relaways/pro/pro/settings.py changed, reloading.
Watching for file changes with StatReloader
Forbidden: /studentform/
"GET /studentform/ HTTP/1.1" 403 58
